[INFO] [1791202769.217518999] [virtual_joy_jazzy_check.virtual_joy]: virtual_joy started topic=joy rate=20.0Hz
[INFO] [1791202769.220520174] [virtual_joy_jazzy_check.rover_gamepad]: rover_gamepad started joy_topic=joy twist_topic=rover_twist rate=100.0Hz
{"name": "neutral", "input_method": "SharedJoyState application-state API; no mouse/keyboard event", "joy": {"time": 10443.2383107, "stamp": [1791202770, 757288390], "axes": [0.0, 0.0, 0.0, 0.0, 0.0, 0.0, 0.0, 0.0], "buttons": [0, 0, 0, 0, 0, 0, 0, 0, 0, 0, 0, 0, 0]}, "twist": {"time": 10443.264581716, "value": [0.0, 0.0, 0.0]}, "status": "PASS"}
{"name": "triangle_hold", "input_method": "SharedJoyState application-state API; no mouse/keyboard event", "joy": {"time": 10443.788318686, "stamp": [1791202771, 307276265], "axes": [0.0, 0.0, 0.0, 0.0, 0.0, 0.0, 0.0, 0.0], "buttons": [0, 0, 1, 0, 0, 0, 0, 0, 0, 0, 0, 0, 0]}, "twist": {"time": 10443.791047141, "value": [0.1, 0.0, 0.0]}, "status": "PASS"}
{"name": "release", "input_method": "SharedJoyState application-state API; no mouse/keyboard event", "joy": {"time": 10444.288437647, "stamp": [1791202771, 807359467], "axes": [0.0, 0.0, 0.0, 0.0, 0.0, 0.0, 0.0, 0.0], "buttons": [0, 0, 0, 0, 0, 0, 0, 0, 0, 0, 0, 0, 0]}, "twist": {"time": 10444.301220518, "value": [0.0, 0.0, 0.0]}, "status": "PASS"}
{"name": "cross_hold", "input_method": "SharedJoyState application-state API; no mouse/keyboard event", "joy": {"time": 10444.788337798, "stamp": [1791202772, 307344789], "axes": [0.0, 0.0, 0.0, 0.0, 0.0, 0.0, 0.0, 0.0], "buttons": [1, 0, 0, 0, 0, 0, 0, 0, 0, 0, 0, 0, 0]}, "twist": {"time": 10444.801198469, "value": [-0.1, 0.0, 0.0]}, "status": "PASS"}
{"name": "square_toggle", "input_method": "SharedJoyState application-state API; no mouse/keyboard event", "joy": {"time": 10445.291432912, "stamp": [1791202772, 807286319], "axes": [0.0, 0.0, 0.0, 0.0, 0.0, 0.0, 0.0, 0.0], "buttons": [0, 0, 0, 1, 0, 0, 0, 0, 0, 0, 0, 0, 0]}, "twist": {"time": 10445.301043189, "value": [0.0, 0.0, 0.3]}, "status": "PASS"}
{"name": "reset", "input_method": "SharedJoyState application-state API; no mouse/keyboard event", "joy": {"time": 10445.788388065, "stamp": [1791202773, 307266870], "axes": [0.0, 0.0, 0.0, 0.0, 0.0, 0.0, 0.0, 0.0], "buttons": [0, 0, 0, 0, 0, 0, 0, 0, 0, 0, 0, 0, 0]}, "twist": {"time": 10445.83127672, "value": [0.0, 0.0, 0.0]}, "status": "PASS"}
{"name": "circle_hold", "input_method": "SharedJoyState application-state API; no mouse/keyboard event", "joy": {"time": 10446.28846821, "stamp": [1791202773, 807280993], "axes": [0.0, 0.0, 0.0, 0.0, 0.0, 0.0, 0.0, 0.0], "buttons": [0, 1, 0, 0, 0, 0, 0, 0, 0, 0, 0, 0, 0]}, "twist": {"time": 10446.331117499, "value": [0.0, 0.0, -0.3]}, "status": "PASS"}
{"name": "dpad_up", "input_method": "SharedJoyState application-state API; no mouse/keyboard event", "joy": {"time": 10446.838356194, "stamp": [1791202774, 357355407], "axes": [0.0, 0.0, 0.0, 0.0, 0.0, 0.0, 0.0, 1.0], "buttons": [0, 0, 0, 0, 0, 0, 0, 0, 0, 0, 0, 0, 0]}, "twist": {"time": 10446.831042509, "value": [0.3, 0.0, 0.0]}, "status": "PASS"}
{"name": "dpad_down", "input_method": "SharedJoyState application-state API; no mouse/keyboard event", "joy": {"time": 10447.338360661, "stamp": [1791202774, 857353901], "axes": [0.0, 0.0, 0.0, 0.0, 0.0, 0.0, 0.0, -1.0], "buttons": [0, 0, 0, 0, 0, 0, 0, 0, 0, 0, 0, 0, 0]}, "twist": {"time": 10447.341020645, "value": [-0.3, 0.0, 0.0]}, "status": "PASS"}
{"name": "stick_disabled", "input_method": "SharedJoyState application-state API; no mouse/keyboard event", "joy": {"time": 10447.838410267, "stamp": [1791202775, 357314708], "axes": [0.0, 0.5, 0.0, 0.0, 0.0, 0.0, 0.0, 0.0], "buttons": [0, 0, 0, 0, 0, 0, 0, 0, 0, 0, 0, 0, 0]}, "twist": {"time": 10447.841054124, "value": [0.0, 0.0, 0.0]}, "status": "PASS"}
{"name": "r1_left_forward", "input_method": "SharedJoyState application-state API; no mouse/keyboard event", "joy": {"time": 10448.33819802, "stamp": [1791202775, 857246756], "axes": [0.0, 0.5, 0.0, 0.0, 0.0, 0.0, 0.0, 0.0], "buttons": [0, 0, 0, 0, 0, 1, 0, 0, 0, 0, 0, 0, 0]}, "twist": {"time": 10448.341002302, "value": [0.25, 0.0, 0.0]}, "status": "PASS"}
{"name": "r1_right_rotation", "input_method": "SharedJoyState application-state API; no mouse/keyboard event", "joy": {"time": 10448.838443706, "stamp": [1791202776, 357415659], "axes": [0.0, 0.0, 0.0, 0.25, 0.0, 0.0, 0.0, 0.0], "buttons": [0, 0, 0, 0, 0, 1, 0, 0, 0, 0, 0, 0, 0]}, "twist": {"time": 10448.841095195, "value": [0.0, 0.0, -0.26]}, "status": "PASS"}
{"name": "forward_before_timeout", "input_method": "SharedJoyState application-state API; no mouse/keyboard event", "joy": {"time": 10449.338377181, "stamp": [1791202776, 857359994], "axes": [0.0, 0.0, 0.0, 0.0, 0.0, 0.0, 0.0, 0.0], "buttons": [0, 0, 1, 0, 0, 0, 0, 0, 0, 0, 0, 0, 0]}, "twist": {"time": 10449.344072873, "value": [0.1, 0.0, 0.0]}, "status": "PASS"}
{"name": "lateral_before_timeout", "input_method": "SharedJoyState application-state API; no mouse/keyboard event", "joy": {"time": 10451.152386944, "stamp": [1791202778, 671380157], "axes": [0.0, 0.0, 0.0, 0.0, 0.0, 0.0, -1.0, 0.0], "buttons": [0, 0, 0, 0, 0, 0, 0, 0, 0, 0, 0, 0, 0]}, "twist": {"time": 10451.201057074, "value": [0.0, 0.3, 0.0]}, "status": "PASS"}
{"name": "lateral_timeout", "seconds_without_joy": 1.3527211079999688, "expected_if_all_motion_components_stopped": [0, 0, 0], "observed_twist": [0.0, 0.0, 0.0], "linear_y_remains_nonzero": false, "classification": "existing source behavior; separate from Jazzy compatibility criteria"}
{"name": "resume_after_timeout", "input_method": "SharedJoyState application-state API; no mouse/keyboard event", "joy": {"time": 10453.014365862, "stamp": [1791202780, 533187757], "axes": [0.0, 0.0, 0.0, 0.0, 0.0, 0.0, 0.0, 0.0], "buttons": [0, 0, 1, 0, 0, 0, 0, 0, 0, 0, 0, 0, 0]}, "twist": {"time": 10453.061378901, "value": [0.1, 0.0, 0.0]}, "status": "PASS"}
{"name": "angular_before_timeout", "input_method": "SharedJoyState application-state API; no mouse/keyboard event", "joy": {"time": 10453.51431545, "stamp": [1791202781, 33313135], "axes": [0.0, 0.0, 0.0, 0.0, 0.0, 0.0, 0.0, 0.0], "buttons": [0, 0, 0, 1, 0, 0, 0, 0, 0, 0, 0, 0, 0]}, "twist": {"time": 10453.561174002, "value": [0.0, 0.0, 0.3]}, "status": "PASS"}
{
  "software_compatibility": "PASS",
  "windows_desktop_and_manual_mouse_operation": "UNVERIFIED",
  "physical_rover": "UNVERIFIED",
  "readme_launch": {
    "command": [
      "ros2",
      "launch",
      "/root/virtual_joy_jazzy_evidence/JAZZY-003-8513fc7/isolated_readme_launch.py"
    ],
    "wrapper_sha256": "5a2df1cb71d43ce62cce4b9874b7e01a07ebf3fdc8358e833598535b7a16e6f0",
    "measurement_seconds": 4.001100133000364,
    "joy_messages": 80,
    "joy_hz": 19.99450084744798,
    "twist_messages": 401,
    "twist_hz": 100.222435497833,
    "joy_topic": "/virtual_joy_jazzy_check/joy",
    "twist_topic": "/virtual_joy_jazzy_check/rover_twist",
    "status": "PASS"
  },
  "state_runtime": {
    "cases": [
      {
        "name": "neutral",
        "input_method": "SharedJoyState application-state API; no mouse/keyboard event",
        "joy": {
          "time": 10443.2383107,
          "stamp": [
            1791202770,
            757288390
          ],
          "axes": [
            0.0,
            0.0,
            0.0,
            0.0,
            0.0,
            0.0,
            0.0,
            0.0
          ],
          "buttons": [
            0,
            0,
            0,
            0,
            0,
            0,
            0,
            0,
            0,
            0,
            0,
            0,
            0
          ]
        },
        "twist": {
          "time": 10443.264581716,
          "value": [
            0.0,
            0.0,
            0.0
          ]
        },
        "status": "PASS"
      },
      {
        "name": "triangle_hold",
        "input_method": "SharedJoyState application-state API; no mouse/keyboard event",
        "joy": {
          "time": 10443.788318686,
          "stamp": [
            1791202771,
            307276265
          ],
          "axes": [
            0.0,
            0.0,
            0.0,
            0.0,
            0.0,
            0.0,
            0.0,
            0.0
          ],
          "buttons": [
            0,
            0,
            1,
            0,
            0,
            0,
            0,
            0,
            0,
            0,
            0,
            0,
            0
          ]
        },
        "twist": {
          "time": 10443.791047141,
          "value": [
            0.1,
            0.0,
            0.0
          ]
        },
        "status": "PASS"
      },
      {
        "name": "release",
        "input_method": "SharedJoyState application-state API; no mouse/keyboard event",
        "joy": {
          "time": 10444.288437647,
          "stamp": [
            1791202771,
            807359467
          ],
          "axes": [
            0.0,
            0.0,
            0.0,
            0.0,
            0.0,
            0.0,
            0.0,
            0.0
          ],
          "buttons": [
            0,
            0,
            0,
            0,
            0,
            0,
            0,
            0,
            0,
            0,
            0,
            0,
            0
          ]
        },
        "twist": {
          "time": 10444.301220518,
          "value": [
            0.0,
            0.0,
            0.0
          ]
        },
        "status": "PASS"
      },
      {
        "name": "cross_hold",
        "input_method": "SharedJoyState application-state API; no mouse/keyboard event",
        "joy": {
          "time": 10444.788337798,
          "stamp": [
            1791202772,
            307344789
          ],
          "axes": [
            0.0,
            0.0,
            0.0,
            0.0,
            0.0,
            0.0,
            0.0,
            0.0
          ],
          "buttons": [
            1,
            0,
            0,
            0,
            0,
            0,
            0,
            0,
            0,
            0,
            0,
            0,
            0
          ]
        },
        "twist": {
          "time": 10444.801198469,
          "value": [
            -0.1,
            0.0,
            0.0
          ]
        },
        "status": "PASS"
      },
      {
        "name": "square_toggle",
        "input_method": "SharedJoyState application-state API; no mouse/keyboard event",
        "joy": {
          "time": 10445.291432912,
          "stamp": [
            1791202772,
            807286319
          ],
          "axes": [
            0.0,
            0.0,
            0.0,
            0.0,
            0.0,
            0.0,
            0.0,
            0.0
          ],
          "buttons": [
            0,
            0,
            0,
            1,
            0,
            0,
            0,
            0,
            0,
            0,
            0,
            0,
            0
          ]
        },
        "twist": {
          "time": 10445.301043189,
          "value": [
            0.0,
            0.0,
            0.3
          ]
        },
        "status": "PASS"
      },
      {
        "name": "reset",
        "input_method": "SharedJoyState application-state API; no mouse/keyboard event",
        "joy": {
          "time": 10445.788388065,
          "stamp": [
            1791202773,
            307266870
          ],
          "axes": [
            0.0,
            0.0,
            0.0,
            0.0,
            0.0,
            0.0,
            0.0,
            0.0
          ],
          "buttons": [
            0,
            0,
            0,
            0,
            0,
            0,
            0,
            0,
            0,
            0,
            0,
            0,
            0
          ]
        },
        "twist": {
          "time": 10445.83127672,
          "value": [
            0.0,
            0.0,
            0.0
          ]
        },
        "status": "PASS"
      },
      {
        "name": "circle_hold",
        "input_method": "SharedJoyState application-state API; no mouse/keyboard event",
        "joy": {
          "time": 10446.28846821,
          "stamp": [
            1791202773,
            807280993
          ],
          "axes": [
            0.0,
            0.0,
            0.0,
            0.0,
            0.0,
            0.0,
            0.0,
            0.0
          ],
          "buttons": [
            0,
            1,
            0,
            0,
            0,
            0,
            0,
            0,
            0,
            0,
            0,
            0,
            0
          ]
        },
        "twist": {
          "time": 10446.331117499,
          "value": [
            0.0,
            0.0,
            -0.3
          ]
        },
        "status": "PASS"
      },
      {
        "name": "dpad_up",
        "input_method": "SharedJoyState application-state API; no mouse/keyboard event",
        "joy": {
          "time": 10446.838356194,
          "stamp": [
            1791202774,
            357355407
          ],
          "axes": [
            0.0,
            0.0,
            0.0,
            0.0,
            0.0,
            0.0,
            0.0,
            1.0
          ],
          "buttons": [
            0,
            0,
            0,
            0,
            0,
            0,
            0,
            0,
            0,
            0,
            0,
            0,
            0
          ]
        },
        "twist": {
          "time": 10446.831042509,
          "value": [
            0.3,
            0.0,
            0.0
          ]
        },
        "status": "PASS"
      },
      {
        "name": "dpad_down",
        "input_method": "SharedJoyState application-state API; no mouse/keyboard event",
        "joy": {
          "time": 10447.338360661,
          "stamp": [
            1791202774,
            857353901
          ],
          "axes": [
            0.0,
            0.0,
            0.0,
            0.0,
            0.0,
            0.0,
            0.0,
            -1.0
          ],
          "buttons": [
            0,
            0,
            0,
            0,
            0,
            0,
            0,
            0,
            0,
            0,
            0,
            0,
            0
          ]
        },
        "twist": {
          "time": 10447.341020645,
          "value": [
            -0.3,
            0.0,
            0.0
          ]
        },
        "status": "PASS"
      },
      {
        "name": "stick_disabled",
        "input_method": "SharedJoyState application-state API; no mouse/keyboard event",
        "joy": {
          "time": 10447.838410267,
          "stamp": [
            1791202775,
            357314708
          ],
          "axes": [
            0.0,
            0.5,
            0.0,
            0.0,
            0.0,
            0.0,
            0.0,
            0.0
          ],
          "buttons": [
            0,
            0,
            0,
            0,
            0,
            0,
            0,
            0,
            0,
            0,
            0,
            0,
            0
          ]
        },
        "twist": {
          "time": 10447.841054124,
          "value": [
            0.0,
            0.0,
            0.0
          ]
        },
        "status": "PASS"
      },
      {
        "name": "r1_left_forward",
        "input_method": "SharedJoyState application-state API; no mouse/keyboard event",
        "joy": {
          "time": 10448.33819802,
          "stamp": [
            1791202775,
            857246756
          ],
          "axes": [
            0.0,
            0.5,
            0.0,
            0.0,
            0.0,
            0.0,
            0.0,
            0.0
          ],
          "buttons": [
            0,
            0,
            0,
            0,
            0,
            1,
            0,
            0,
            0,
            0,
            0,
            0,
            0
          ]
        },
        "twist": {
          "time": 10448.341002302,
          "value": [
            0.25,
            0.0,
            0.0
          ]
        },
        "status": "PASS"
      },
      {
        "name": "r1_right_rotation",
        "input_method": "SharedJoyState application-state API; no mouse/keyboard event",
        "joy": {
          "time": 10448.838443706,
          "stamp": [
            1791202776,
            357415659
          ],
          "axes": [
            0.0,
            0.0,
            0.0,
            0.25,
            0.0,
            0.0,
            0.0,
            0.0
          ],
          "buttons": [
            0,
            0,
            0,
            0,
            0,
            1,
            0,
            0,
            0,
            0,
            0,
            0,
            0
          ]
        },
        "twist": {
          "time": 10448.841095195,
          "value": [
            0.0,
            0.0,
            -0.26
          ]
        },
        "status": "PASS"
      },
      {
        "name": "forward_before_timeout",
        "input_method": "SharedJoyState application-state API; no mouse/keyboard event",
        "joy": {
          "time": 10449.338377181,
          "stamp": [
            1791202776,
            857359994
          ],
          "axes": [
            0.0,
            0.0,
            0.0,
            0.0,
            0.0,
            0.0,
            0.0,
            0.0
          ],
          "buttons": [
            0,
            0,
            1,
            0,
            0,
            0,
            0,
            0,
            0,
            0,
            0,
            0,
            0
          ]
        },
        "twist": {
          "time": 10449.344072873,
          "value": [
            0.1,
            0.0,
            0.0
          ]
        },
        "status": "PASS"
      },
      {
        "name": "forward_timeout",
        "seconds_without_joy": 1.3503452990007645,
        "twist": {
          "time": 10450.701260694,
          "value": [
            0.0,
            0.0,
            0.0
          ]
        },
        "status": "PASS"
      },
      {
        "name": "lateral_before_timeout",
        "input_method": "SharedJoyState application-state API; no mouse/keyboard event",
        "joy": {
          "time": 10451.152386944,
          "stamp": [
            1791202778,
            671380157
          ],
          "axes": [
            0.0,
            0.0,
            0.0,
            0.0,
            0.0,
            0.0,
            -1.0,
            0.0
          ],
          "buttons": [
            0,
            0,
            0,
            0,
            0,
            0,
            0,
            0,
            0,
            0,
            0,
            0,
            0
          ]
        },
        "twist": {
          "time": 10451.201057074,
          "value": [
            0.0,
            0.3,
            0.0
          ]
        },
        "status": "PASS"
      },
      {
        "name": "lateral_timeout",
        "twist": {
          "time": 10452.551121002,
          "value": [
            0.0,
            0.0,
            0.0
          ]
        },
        "status": "PASS"
      },
      {
        "name": "resume_after_timeout",
        "input_method": "SharedJoyState application-state API; no mouse/keyboard event",
        "joy": {
          "time": 10453.014365862,
          "stamp": [
            1791202780,
            533187757
          ],
          "axes": [
            0.0,
            0.0,
            0.0,
            0.0,
            0.0,
            0.0,
            0.0,
            0.0
          ],
          "buttons": [
            0,
            0,
            1,
            0,
            0,
            0,
            0,
            0,
            0,
            0,
            0,
            0,
            0
          ]
        },
        "twist": {
          "time": 10453.061378901,
          "value": [
            0.1,
            0.0,
            0.0
          ]
        },
        "status": "PASS"
      },
      {
        "name": "angular_before_timeout",
        "input_method": "SharedJoyState application-state API; no mouse/keyboard event",
        "joy": {
          "time": 10453.51431545,
          "stamp": [
            1791202781,
            33313135
          ],
          "axes": [
            0.0,
            0.0,
            0.0,
            0.0,
            0.0,
            0.0,
            0.0,
            0.0
          ],
          "buttons": [
            0,
            0,
            0,
            1,
            0,
            0,
            0,
            0,
            0,
            0,
            0,
            0,
            0
          ]
        },
        "twist": {
          "time": 10453.561174002,
          "value": [
            0.0,
            0.0,
            0.3
          ]
        },
        "status": "PASS"
      },
      {
        "name": "angular_timeout",
        "twist": {
          "time": 10454.911266905,
          "value": [
            0.0,
            0.0,
            0.0
          ]
        },
        "status": "PASS"
      }
    ],
    "diagnostic": {
      "name": "lateral_timeout",
      "seconds_without_joy": 1.3527211079999688,
      "expected_if_all_motion_components_stopped": [
        0,
        0,
        0
      ],
      "observed_twist": [
        0.0,
        0.0,
        0.0
      ],
      "linear_y_remains_nonzero": false,
      "classification": "existing source behavior; separate from Jazzy compatibility criteria"
    },
    "status": "PASS"
  },
  "source_status_after": "",
  "files_unchanged": true,
  "finish_utc": "2026-10-05T12:19:42Z"
}
