[INFO] [1791202031.996358325] [virtual_joy_jazzy_check.virtual_joy]: virtual_joy started topic=joy rate=20.0Hz
[INFO] [1791202032.001862700] [virtual_joy_jazzy_check.rover_gamepad]: rover_gamepad started joy_topic=joy twist_topic=rover_twist rate=100.0Hz
{"name": "neutral", "input_method": "SharedJoyState application-state API; no mouse/keyboard event", "joy": {"time": 9706.062852996, "stamp": [1791202033, 581114292], "axes": [0.0, 0.0, 0.0, 0.0, 0.0, 0.0, 0.0, 0.0], "buttons": [0, 0, 0, 0, 0, 0, 0, 0, 0, 0, 0, 0, 0]}, "twist": {"time": 9706.096155871, "value": [0.0, 0.0, 0.0]}, "status": "PASS"}
{"name": "triangle_hold", "input_method": "SharedJoyState application-state API; no mouse/keyboard event", "joy": {"time": 9706.612516887, "stamp": [1791202034, 131110169], "axes": [0.0, 0.0, 0.0, 0.0, 0.0, 0.0, 0.0, 0.0], "buttons": [0, 0, 1, 0, 0, 0, 0, 0, 0, 0, 0, 0, 0]}, "twist": {"time": 9706.632462604, "value": [0.1, 0.0, 0.0]}, "status": "PASS"}
{"name": "release", "input_method": "SharedJoyState application-state API; no mouse/keyboard event", "joy": {"time": 9707.113130563, "stamp": [1791202034, 631079139], "axes": [0.0, 0.0, 0.0, 0.0, 0.0, 0.0, 0.0, 0.0], "buttons": [0, 0, 0, 0, 0, 0, 0, 0, 0, 0, 0, 0, 0]}, "twist": {"time": 9707.132847834, "value": [0.0, 0.0, 0.0]}, "status": "PASS"}
{"name": "cross_hold", "input_method": "SharedJoyState application-state API; no mouse/keyboard event", "joy": {"time": 9707.612717392, "stamp": [1791202035, 131058243], "axes": [0.0, 0.0, 0.0, 0.0, 0.0, 0.0, 0.0, 0.0], "buttons": [1, 0, 0, 0, 0, 0, 0, 0, 0, 0, 0, 0, 0]}, "twist": {"time": 9707.632506732, "value": [-0.1, 0.0, 0.0]}, "status": "PASS"}
{"name": "square_toggle", "input_method": "SharedJoyState application-state API; no mouse/keyboard event", "joy": {"time": 9708.112391849, "stamp": [1791202035, 631076057], "axes": [0.0, 0.0, 0.0, 0.0, 0.0, 0.0, 0.0, 0.0], "buttons": [0, 0, 0, 1, 0, 0, 0, 0, 0, 0, 0, 0, 0]}, "twist": {"time": 9708.142356104, "value": [0.0, 0.0, 0.3]}, "status": "PASS"}
{"name": "reset", "input_method": "SharedJoyState application-state API; no mouse/keyboard event", "joy": {"time": 9708.665262702, "stamp": [1791202036, 183838375], "axes": [0.0, 0.0, 0.0, 0.0, 0.0, 0.0, 0.0, 0.0], "buttons": [0, 0, 0, 0, 0, 0, 0, 0, 0, 0, 0, 0, 0]}, "twist": {"time": 9708.665441413, "value": [0.0, 0.0, 0.0]}, "status": "PASS"}
{"name": "circle_hold", "input_method": "SharedJoyState application-state API; no mouse/keyboard event", "joy": {"time": 9709.163244476, "stamp": [1791202036, 681090264], "axes": [0.0, 0.0, 0.0, 0.0, 0.0, 0.0, 0.0, 0.0], "buttons": [0, 1, 0, 0, 0, 0, 0, 0, 0, 0, 0, 0, 0]}, "twist": {"time": 9709.172563123, "value": [0.0, 0.0, -0.3]}, "status": "PASS"}
{"name": "dpad_up", "input_method": "SharedJoyState application-state API; no mouse/keyboard event", "joy": {"time": 9709.66303612, "stamp": [1791202037, 181043604], "axes": [0.0, 0.0, 0.0, 0.0, 0.0, 0.0, 0.0, 1.0], "buttons": [0, 0, 0, 0, 0, 0, 0, 0, 0, 0, 0, 0, 0]}, "twist": {"time": 9709.672409185, "value": [0.3, 0.0, 0.0]}, "status": "PASS"}
{"name": "dpad_down", "input_method": "SharedJoyState application-state API; no mouse/keyboard event", "joy": {"time": 9710.164163594, "stamp": [1791202037, 682874475], "axes": [0.0, 0.0, 0.0, 0.0, 0.0, 0.0, 0.0, -1.0], "buttons": [0, 0, 0, 0, 0, 0, 0, 0, 0, 0, 0, 0, 0]}, "twist": {"time": 9710.172139958, "value": [-0.3, 0.0, 0.0]}, "status": "PASS"}
{"name": "stick_disabled", "input_method": "SharedJoyState application-state API; no mouse/keyboard event", "joy": {"time": 9710.662295407, "stamp": [1791202038, 181014060], "axes": [0.0, 0.5, 0.0, 0.0, 0.0, 0.0, 0.0, 0.0], "buttons": [0, 0, 0, 0, 0, 0, 0, 0, 0, 0, 0, 0, 0]}, "twist": {"time": 9710.672242387, "value": [0.0, 0.0, 0.0]}, "status": "PASS"}
{"name": "r1_left_forward", "input_method": "SharedJoyState application-state API; no mouse/keyboard event", "joy": {"time": 9711.162365272, "stamp": [1791202038, 680992541], "axes": [0.0, 0.5, 0.0, 0.0, 0.0, 0.0, 0.0, 0.0], "buttons": [0, 0, 0, 0, 0, 1, 0, 0, 0, 0, 0, 0, 0]}, "twist": {"time": 9711.175124998, "value": [0.25, 0.0, 0.0]}, "status": "PASS"}
{"name": "r1_right_rotation", "input_method": "SharedJoyState application-state API; no mouse/keyboard event", "joy": {"time": 9711.662445151, "stamp": [1791202039, 181055037], "axes": [0.0, 0.0, 0.0, 0.25, 0.0, 0.0, 0.0, 0.0], "buttons": [0, 0, 0, 0, 0, 1, 0, 0, 0, 0, 0, 0, 0]}, "twist": {"time": 9711.682360754, "value": [0.0, 0.0, -0.26]}, "status": "PASS"}
{"name": "forward_before_timeout", "input_method": "SharedJoyState application-state API; no mouse/keyboard event", "joy": {"time": 9712.162408119, "stamp": [1791202039, 681023669], "axes": [0.0, 0.0, 0.0, 0.0, 0.0, 0.0, 0.0, 0.0], "buttons": [0, 0, 1, 0, 0, 0, 0, 0, 0, 0, 0, 0, 0]}, "twist": {"time": 9712.182231886, "value": [0.1, 0.0, 0.0]}, "status": "PASS"}
{"name": "lateral_before_timeout", "input_method": "SharedJoyState application-state API; no mouse/keyboard event", "joy": {"time": 9713.987616047, "stamp": [1791202041, 506249293], "axes": [0.0, 0.0, 0.0, 0.0, 0.0, 0.0, -1.0, 0.0], "buttons": [0, 0, 0, 0, 0, 0, 0, 0, 0, 0, 0, 0, 0]}, "twist": {"time": 9714.032551233, "value": [0.0, 0.3, 0.0]}, "status": "PASS"}
{"name": "lateral_timeout", "seconds_without_joy": 1.3529279730009875, "expected_if_all_motion_components_stopped": [0, 0, 0], "observed_twist": [0.0, 0.3, 0.0], "linear_y_remains_nonzero": true, "classification": "existing source behavior; separate from Jazzy compatibility criteria"}
Traceback (most recent call last):
  File "/root/ros2_ws/src/virtual_joy/tools/verify_jazzy_runtime.py", line 353, in <module>
    main()
  File "/root/ros2_ws/src/virtual_joy/tools/verify_jazzy_runtime.py", line 333, in main
    result["state_runtime"] = run_state_cases(run_dir, observer, executor)
                              ^^^^^^^^^^^^^^^^^^^^^^^^^^^^^^^^^^^^^^^^^^^^
  File "/root/ros2_ws/src/virtual_joy/tools/verify_jazzy_runtime.py", line 266, in run_state_cases
    check(all(near(item["value"], [0, 0, 0]) for item in after), "lateral velocity remained after Joy timeout")
  File "/root/ros2_ws/src/virtual_joy/tools/verify_jazzy_runtime.py", line 113, in check
    raise AssertionError(message)
AssertionError: lateral velocity remained after Joy timeout
